
> react-kavia@0.1.0 start
> react-scripts start

(node:14777) [DEP_WEBPACK_DEV_SERVER_ON_AFTER_SETUP_MIDDLEWARE] DeprecationWarning: 'onAfterSetupMiddleware' option is deprecated. Please use the 'setupMiddlewares' option.
(Use `node --trace-deprecation ...` to show where the warning was created)
(node:14777) [DEP_WEBPACK_DEV_SERVER_ON_BEFORE_SETUP_MIDDLEWARE] DeprecationWarning: 'onBeforeSetupMiddleware' option is deprecated. Please use the 'setupMiddlewares' option.
Starting the development server...

Compiled successfully!

You can now view react-kavia in the browser.

  Local:            http://localhost:3000
  On Your Network:  http://172.17.0.2:3000

Note that the development build is not optimized.
To create a production build, use npm run build.

webpack compiled successfully
Compiling...
Compiled with warnings.

[eslint] 
src/components/BlurredPosterGuess.js
  Line 3:10:  'pickLittleHardMovies' is defined but never used  no-unused-vars

Search for the keywords to learn more about each warning.
To ignore, add // eslint-disable-next-line to the line before.

WARNING in [eslint] 
src/components/BlurredPosterGuess.js
  Line 3:10:  'pickLittleHardMovies' is defined but never used  no-unused-vars

webpack compiled with 1 warning
Compiling...
Compiled successfully!
webpack compiled successfully
Compiling...
Compiled with warnings.

[eslint] 
src/components/CharacterMovieMatch.js
  Line 2:10:  'pickLittleHardMovies' is defined but never used                                                                   no-unused-vars
  Line 63:6:  React Hook useEffect has a missing dependency: 'fetchQuizItems'. Either include it or remove the dependency array  react-hooks/exhaustive-deps

Search for the keywords to learn more about each warning.
To ignore, add // eslint-disable-next-line to the line before.

WARNING in [eslint] 
src/components/CharacterMovieMatch.js
  Line 2:10:  'pickLittleHardMovies' is defined but never used                                                                   no-unused-vars
  Line 63:6:  React Hook useEffect has a missing dependency: 'fetchQuizItems'. Either include it or remove the dependency array  react-hooks/exhaustive-deps

webpack compiled with 1 warning
Compiling...
Compiled with warnings.

[eslint] 
src/components/CharacterMovieMatch.js
  Line 55:6:  React Hook useEffect has a missing dependency: 'fetchQuizItems'. Either include it or remove the dependency array  react-hooks/exhaustive-deps

Search for the keywords to learn more about each warning.
To ignore, add // eslint-disable-next-line to the line before.

WARNING in [eslint] 
src/components/CharacterMovieMatch.js
  Line 55:6:  React Hook useEffect has a missing dependency: 'fetchQuizItems'. Either include it or remove the dependency array  react-hooks/exhaustive-deps

webpack compiled with 1 warning
Compiling...
Compiled with warnings.

[eslint] 
src/components/CharacterMovieMatch.js
  Line 55:6:  React Hook useEffect has a missing dependency: 'fetchQuizItems'. Either include it or remove the dependency array  react-hooks/exhaustive-deps

src/components/MovieBingo.js
  Line 3:10:   'pickLittleHardMovies' is defined but never used    no-unused-vars
  Line 18:22:  'setCategories' is assigned a value but never used  no-unused-vars

Search for the keywords to learn more about each warning.
To ignore, add // eslint-disable-next-line to the line before.

WARNING in [eslint] 
src/components/CharacterMovieMatch.js
  Line 55:6:  React Hook useEffect has a missing dependency: 'fetchQuizItems'. Either include it or remove the dependency array  react-hooks/exhaustive-deps

src/components/MovieBingo.js
  Line 3:10:   'pickLittleHardMovies' is defined but never used    no-unused-vars
  Line 18:22:  'setCategories' is assigned a value but never used  no-unused-vars

webpack compiled with 1 warning
Compiling...
Compiled with warnings.

[eslint] 
src/components/CharacterMovieMatch.js
  Line 55:6:  React Hook useEffect has a missing dependency: 'fetchQuizItems'. Either include it or remove the dependency array  react-hooks/exhaustive-deps

src/components/MovieBingo.js
  Line 18:22:  'setCategories' is assigned a value but never used  no-unused-vars
  Line 33:18:  'fetchTMDBSearch' is defined but never used         no-unused-vars
  Line 42:18:  'fetchGenreMovie' is defined but never used         no-unused-vars
  Line 50:18:  'fetchYearMovie' is defined but never used          no-unused-vars
  Line 58:12:  'pickOne' is defined but never used                 no-unused-vars

Search for the keywords to learn more about each warning.
To ignore, add // eslint-disable-next-line to the line before.

WARNING in [eslint] 
src/components/CharacterMovieMatch.js
  Line 55:6:  React Hook useEffect has a missing dependency: 'fetchQuizItems'. Either include it or remove the dependency array  react-hooks/exhaustive-deps

src/components/MovieBingo.js
  Line 18:22:  'setCategories' is assigned a value but never used  no-unused-vars
  Line 33:18:  'fetchTMDBSearch' is defined but never used         no-unused-vars
  Line 42:18:  'fetchGenreMovie' is defined but never used         no-unused-vars
  Line 50:18:  'fetchYearMovie' is defined but never used          no-unused-vars
  Line 58:12:  'pickOne' is defined but never used                 no-unused-vars

webpack compiled with 1 warning
Compiling...
Failed to compile.

[eslint] 
src/components/MovieTimelineChallenge.js
  Line 25:19:  'pickLittleHardMovies' is not defined  no-undef

Search for the keywords to learn more about each error.
WARNING in [eslint] 
src/components/CharacterMovieMatch.js
  Line 55:6:  React Hook useEffect has a missing dependency: 'fetchQuizItems'. Either include it or remove the dependency array  react-hooks/exhaustive-deps

src/components/MovieBingo.js
  Line 18:22:  'setCategories' is assigned a value but never used  no-unused-vars
  Line 33:18:  'fetchTMDBSearch' is defined but never used         no-unused-vars
  Line 42:18:  'fetchGenreMovie' is defined but never used         no-unused-vars
  Line 50:18:  'fetchYearMovie' is defined but never used          no-unused-vars
  Line 58:12:  'pickOne' is defined but never used                 no-unused-vars

ERROR in [eslint] 
src/components/MovieTimelineChallenge.js
  Line 25:19:  'pickLittleHardMovies' is not defined  no-undef

Search for the keywords to learn more about each error.

webpack compiled with 1 error and 1 warning
Compiling...
Failed to compile.

[eslint] 
src/components/MovieTimelineChallenge.js
  Line 25:19:  'pickLittleHardMovies' is not defined  no-undef

Search for the keywords to learn more about each error.
WARNING in [eslint] 
src/components/CharacterMovieMatch.js
  Line 55:6:  React Hook useEffect has a missing dependency: 'fetchQuizItems'. Either include it or remove the dependency array  react-hooks/exhaustive-deps

src/components/MovieBingo.js
  Line 18:22:  'setCategories' is assigned a value but never used  no-unused-vars
  Line 33:18:  'fetchTMDBSearch' is defined but never used         no-unused-vars
  Line 42:18:  'fetchGenreMovie' is defined but never used         no-unused-vars
  Line 50:18:  'fetchYearMovie' is defined but never used          no-unused-vars
  Line 58:12:  'pickOne' is defined but never used                 no-unused-vars

src/components/SpinTheWheel.js
  Line 2:10:  'getPosterUrl' is defined but never used          no-unused-vars
  Line 3:10:  'pickLittleHardMovies' is defined but never used  no-unused-vars

ERROR in [eslint] 
src/components/MovieTimelineChallenge.js
  Line 25:19:  'pickLittleHardMovies' is not defined  no-undef

Search for the keywords to learn more about each error.

webpack compiled with 1 error and 1 warning
Compiling...
Failed to compile.

[eslint] 
src/components/MovieTimelineChallenge.js
  Line 25:19:  'pickLittleHardMovies' is not defined  no-undef

Search for the keywords to learn more about each error.
WARNING in [eslint] 
src/components/CharacterMovieMatch.js
  Line 55:6:  React Hook useEffect has a missing dependency: 'fetchQuizItems'. Either include it or remove the dependency array  react-hooks/exhaustive-deps

src/components/MovieBingo.js
  Line 18:22:  'setCategories' is assigned a value but never used  no-unused-vars
  Line 33:18:  'fetchTMDBSearch' is defined but never used         no-unused-vars
  Line 42:18:  'fetchGenreMovie' is defined but never used         no-unused-vars
  Line 50:18:  'fetchYearMovie' is defined but never used          no-unused-vars
  Line 58:12:  'pickOne' is defined but never used                 no-unused-vars

src/components/SpinTheWheel.js
  Line 2:10:  'getPosterUrl' is defined but never used  no-unused-vars

ERROR in [eslint] 
src/components/MovieTimelineChallenge.js
  Line 25:19:  'pickLittleHardMovies' is not defined  no-undef

Search for the keywords to learn more about each error.

webpack compiled with 1 error and 1 warning
Compiling...
Failed to compile.

[eslint] 
src/components/MovieTimelineChallenge.js
  Line 25:19:  'pickLittleHardMovies' is not defined  no-undef

Search for the keywords to learn more about each error.
WARNING in [eslint] 
src/components/CharacterMovieMatch.js
  Line 55:6:  React Hook useEffect has a missing dependency: 'fetchQuizItems'. Either include it or remove the dependency array  react-hooks/exhaustive-deps

src/components/MovieBingo.js
  Line 18:22:  'setCategories' is assigned a value but never used  no-unused-vars
  Line 33:18:  'fetchTMDBSearch' is defined but never used         no-unused-vars
  Line 42:18:  'fetchGenreMovie' is defined but never used         no-unused-vars
  Line 50:18:  'fetchYearMovie' is defined but never used          no-unused-vars
  Line 58:12:  'pickOne' is defined but never used                 no-unused-vars

src/components/SpinTheWheel.js
  Line 2:10:  'getPosterUrl' is defined but never used  no-unused-vars

ERROR in [eslint] 
src/components/MovieTimelineChallenge.js
  Line 25:19:  'pickLittleHardMovies' is not defined  no-undef

Search for the keywords to learn more about each error.

webpack compiled with 1 error and 1 warning
Compiling...
Compiled with warnings.

[eslint] 
src/components/CharacterMovieMatch.js
  Line 55:6:  React Hook useEffect has a missing dependency: 'fetchQuizItems'. Either include it or remove the dependency array  react-hooks/exhaustive-deps

src/components/MovieBingo.js
  Line 18:22:  'setCategories' is assigned a value but never used  no-unused-vars
  Line 33:18:  'fetchTMDBSearch' is defined but never used         no-unused-vars
  Line 42:18:  'fetchGenreMovie' is defined but never used         no-unused-vars
  Line 50:18:  'fetchYearMovie' is defined but never used          no-unused-vars
  Line 58:12:  'pickOne' is defined but never used                 no-unused-vars

src/components/SpinTheWheel.js
  Line 2:10:  'getPosterUrl' is defined but never used  no-unused-vars

Search for the keywords to learn more about each warning.
To ignore, add // eslint-disable-next-line to the line before.

WARNING in [eslint] 
src/components/CharacterMovieMatch.js
  Line 55:6:  React Hook useEffect has a missing dependency: 'fetchQuizItems'. Either include it or remove the dependency array  react-hooks/exhaustive-deps

src/components/MovieBingo.js
  Line 18:22:  'setCategories' is assigned a value but never used  no-unused-vars
  Line 33:18:  'fetchTMDBSearch' is defined but never used         no-unused-vars
  Line 42:18:  'fetchGenreMovie' is defined but never used         no-unused-vars
  Line 50:18:  'fetchYearMovie' is defined but never used          no-unused-vars
  Line 58:12:  'pickOne' is defined but never used                 no-unused-vars

src/components/SpinTheWheel.js
  Line 2:10:  'getPosterUrl' is defined but never used  no-unused-vars

webpack compiled with 1 warning
